Last login: Tue Dec  7 13:59:48 on ttys003
viaene@dedis-2109135 ~ % LLVL=debug memcoin --config /tmp/node2 start --port 2002
2021-12-07T14:03:08+01:00 INF go/pkg/mod/go.dedis.ch/dela@v0.0.0-20211018150429-1fdbe35cd189/mino/minogrpc/controller/mod.go:141 > mino[127.0.0.1:2002] is running
2021-12-07T14:03:08+01:00 INF git/d-voting/services/dkg/pedersen/controller/mod.go:115 > perdersen public key public key=ee5ca09a4b12860612d72db510ed35ae4e2fa3d1653513050a76ce75dfcb3add
^C%
viaene@dedis-2109135 ~ % cd git/d-voting
viaene@dedis-2109135 d-voting % LLVL=debug memcoin --config /tmp/node2 start --port 2002
2021-12-07T14:05:32+01:00 INF Users/viaene/go/pkg/mod/go.dedis.ch/dela@v0.0.0-20211018150429-1fdbe35cd189/mino/minogrpc/controller/mod.go:141 > mino[127.0.0.1:2002] is running
2021-12-07T14:05:32+01:00 INF services/dkg/pedersen/controller/mod.go:115 > perdersen public key public key=0ef1f28c6c2e9d62d09f43a2affa537d017fa0f550e4a93f15cacc2a0155f0fa
2021-12-07T14:05:53+01:00 DBG Users/viaene/go/pkg/mod/go.dedis.ch/dela@v0.0.0-20211018150429-1fdbe35cd189/cli/node/daemon.go:169 > received command on the daemon command=0200 daemon=/tmp/node2/daemon.sock flags="map[address:127.0.0.1:2001 cert-hash:Hb2AOQPQC02K8ILy2ZZQU0tRKFsjjqQiAU25/Ix8egM= config:/tmp/node2 help:false token:YKNwNIn2Z1+Xc/qYFVDyBA==]"
2021-12-07T14:05:54+01:00 DBG Users/viaene/go/pkg/mod/go.dedis.ch/dela@v0.0.0-20211018150429-1fdbe35cd189/cli/node/daemon.go:169 > received command on the daemon command=0400 daemon=/tmp/node2/daemon.sock flags="map[config:/tmp/node2 help:false]"
2021-12-07T14:05:54+01:00 INF Users/viaene/go/pkg/mod/go.dedis.ch/dela@v0.0.0-20211018150429-1fdbe35cd189/core/ordering/cosipbft/mod.go:412 > node has started following the chain addr=127.0.0.1:2002
2021-12-07T14:05:54+01:00 DBG Users/viaene/go/pkg/mod/go.dedis.ch/dela@v0.0.0-20211018150429-1fdbe35cd189/core/ordering/cosipbft/mod.go:424 > node has started addr=127.0.0.1:2002
2021-12-07T14:05:54+01:00 DBG Users/viaene/go/pkg/mod/go.dedis.ch/dela@v0.0.0-20211018150429-1fdbe35cd189/cli/node/daemon.go:169 > received command on the daemon command=0c00 daemon=/tmp/node2/daemon.sock flags="map[config:/tmp/node2 help:false identity:[IKIRWNnPCKOY13q4M/10rhbznpPlnDo82QykXHjWtWR7Q9XWmanyZ32mwV7xwjMe0i6h0UXnZj44ECbMDpWC2FaPEYStCCqot1Cb+rLOKH/igIcidXFR30BItHn3qxqQd/TTIeKRRuqakem8fjzwwDeTYvS2ZNmb9zuv5hx3nqI=]]"
2021-12-07T14:05:54+01:00 INF Users/viaene/go/pkg/mod/go.dedis.ch/dela@v0.0.0-20211018150429-1fdbe35cd189/contracts/access/controller/action.go:57 > access granted to [bls:20a21158d9cf08a3]
2021-12-07T14:05:54+01:00 INF Users/viaene/go/pkg/mod/go.dedis.ch/dela@v0.0.0-20211018150429-1fdbe35cd189/contracts/access/mod.go:175 > granted 0300000000000000000000000000000000000000000000000000000000000000-go.dedis.ch/dela.Evoting-all to [bls:20a21158d9cf08a3] contract=access
2021-12-07T14:05:54+01:00 DBG Users/viaene/go/pkg/mod/go.dedis.ch/dela@v0.0.0-20211018150429-1fdbe35cd189/cli/node/daemon.go:169 > received command on the daemon command=0600 daemon=/tmp/node2/daemon.sock flags="map[config:/tmp/node2 help:false]"
2021-12-07T14:05:54+01:00 INF services/dkg/pedersen/controller/action.go:49 > DKG has been initialized successfully
2021-12-07T14:05:54+01:00 INF Users/viaene/go/pkg/mod/go.dedis.ch/dela@v0.0.0-20211018150429-1fdbe35cd189/core/ordering/cosipbft/mod.go:387 > block event addr=127.0.0.1:2002 index=0 root=58fa84a6
2021-12-07T14:05:54+01:00 DBG Users/viaene/go/pkg/mod/go.dedis.ch/dela@v0.0.0-20211018150429-1fdbe35cd189/core/ordering/cosipbft/blocksync/default.go:230 > received synchronization message addr=127.0.0.1:2002 index=0
2021-12-07T14:05:54+01:00 DBG Users/viaene/go/pkg/mod/go.dedis.ch/dela@v0.0.0-20211018150429-1fdbe35cd189/cli/node/daemon.go:169 > received command on the daemon command=0e00 daemon=/tmp/node2/daemon.sock flags="map[config:/tmp/node2 help:false signer:private.key]"
2021-12-07T14:05:54+01:00 INF services/shuffle/neff/controller/action.go:39 > The shuffle protocol has been initialized successfully
2021-12-07T14:06:04+01:00 DBG Users/viaene/go/pkg/mod/go.dedis.ch/dela@v0.0.0-20211018150429-1fdbe35cd189/core/ordering/cosipbft/blocksync/default.go:230 > received synchronization message addr=127.0.0.1:2002 index=0
2021-12-07T14:06:14+01:00 DBG Users/viaene/go/pkg/mod/go.dedis.ch/dela@v0.0.0-20211018150429-1fdbe35cd189/core/ordering/cosipbft/blocksync/default.go:230 > received synchronization message addr=127.0.0.1:2002 index=0
^C^C
viaene@dedis-2109135 d-voting % clear
viaene@dedis-2109135 d-voting % LLVL=debug memcoin --config /tmp/node2 start --port 2002
2021-12-07T14:14:59+01:00 INF Users/viaene/go/pkg/mod/go.dedis.ch/dela@v0.0.0-20211018150429-1fdbe35cd189/mino/minogrpc/controller/mod.go:141 > mino[127.0.0.1:2002] is running
2021-12-07T14:14:59+01:00 INF services/dkg/pedersen/controller/mod.go:115 > perdersen public key public key=caa5a44fd89ceb6bc80371c39652af55c3343194d28fc3b9021fb7db31830cd1
2021-12-07T14:15:10+01:00 DBG Users/viaene/go/pkg/mod/go.dedis.ch/dela@v0.0.0-20211018150429-1fdbe35cd189/cli/node/daemon.go:169 > received command on the daemon command=0200 daemon=/tmp/node2/daemon.sock flags="map[address:127.0.0.1:2001 cert-hash:yKTk7gfWSD1YAROJezWu04mBTZC8/kBvBqB7Ittr5Hk= config:/tmp/node2 help:false token:qIBWRzI1QljRCVYZYHEWxg==]"
2021-12-07T14:15:11+01:00 DBG Users/viaene/go/pkg/mod/go.dedis.ch/dela@v0.0.0-20211018150429-1fdbe35cd189/cli/node/daemon.go:169 > received command on the daemon command=0400 daemon=/tmp/node2/daemon.sock flags="map[config:/tmp/node2 help:false]"
2021-12-07T14:15:11+01:00 INF Users/viaene/go/pkg/mod/go.dedis.ch/dela@v0.0.0-20211018150429-1fdbe35cd189/core/ordering/cosipbft/mod.go:412 > node has started following the chain addr=127.0.0.1:2002
2021-12-07T14:15:11+01:00 DBG Users/viaene/go/pkg/mod/go.dedis.ch/dela@v0.0.0-20211018150429-1fdbe35cd189/core/ordering/cosipbft/mod.go:424 > node has started addr=127.0.0.1:2002
2021-12-07T14:15:11+01:00 DBG Users/viaene/go/pkg/mod/go.dedis.ch/dela@v0.0.0-20211018150429-1fdbe35cd189/cli/node/daemon.go:169 > received command on the daemon command=0c00 daemon=/tmp/node2/daemon.sock flags="map[config:/tmp/node2 help:false identity:[IKIRWNnPCKOY13q4M/10rhbznpPlnDo82QykXHjWtWR7Q9XWmanyZ32mwV7xwjMe0i6h0UXnZj44ECbMDpWC2FaPEYStCCqot1Cb+rLOKH/igIcidXFR30BItHn3qxqQd/TTIeKRRuqakem8fjzwwDeTYvS2ZNmb9zuv5hx3nqI=]]"
2021-12-07T14:15:11+01:00 INF Users/viaene/go/pkg/mod/go.dedis.ch/dela@v0.0.0-20211018150429-1fdbe35cd189/contracts/access/controller/action.go:57 > access granted to [bls:20a21158d9cf08a3]
2021-12-07T14:15:11+01:00 INF Users/viaene/go/pkg/mod/go.dedis.ch/dela@v0.0.0-20211018150429-1fdbe35cd189/contracts/access/mod.go:175 > granted 0300000000000000000000000000000000000000000000000000000000000000-go.dedis.ch/dela.Evoting-all to [bls:20a21158d9cf08a3] contract=access
2021-12-07T14:15:11+01:00 DBG Users/viaene/go/pkg/mod/go.dedis.ch/dela@v0.0.0-20211018150429-1fdbe35cd189/cli/node/daemon.go:169 > received command on the daemon command=0600 daemon=/tmp/node2/daemon.sock flags="map[config:/tmp/node2 help:false]"
2021-12-07T14:15:11+01:00 INF services/dkg/pedersen/controller/action.go:49 > DKG has been initialized successfully
2021-12-07T14:15:11+01:00 INF Users/viaene/go/pkg/mod/go.dedis.ch/dela@v0.0.0-20211018150429-1fdbe35cd189/core/ordering/cosipbft/mod.go:387 > block event addr=127.0.0.1:2002 index=0 root=8154ad9c
2021-12-07T14:15:11+01:00 DBG Users/viaene/go/pkg/mod/go.dedis.ch/dela@v0.0.0-20211018150429-1fdbe35cd189/core/ordering/cosipbft/blocksync/default.go:230 > received synchronization message addr=127.0.0.1:2002 index=0
2021-12-07T14:15:11+01:00 DBG Users/viaene/go/pkg/mod/go.dedis.ch/dela@v0.0.0-20211018150429-1fdbe35cd189/cli/node/daemon.go:169 > received command on the daemon command=0e00 daemon=/tmp/node2/daemon.sock flags="map[config:/tmp/node2 help:false signer:private.key]"
2021-12-07T14:15:11+01:00 INF services/shuffle/neff/controller/action.go:39 > The shuffle protocol has been initialized successfully
2021-12-07T14:15:21+01:00 DBG Users/viaene/go/pkg/mod/go.dedis.ch/dela@v0.0.0-20211018150429-1fdbe35cd189/core/ordering/cosipbft/blocksync/default.go:230 > received synchronization message addr=127.0.0.1:2002 index=0
2021-12-07T14:15:31+01:00 DBG Users/viaene/go/pkg/mod/go.dedis.ch/dela@v0.0.0-20211018150429-1fdbe35cd189/core/ordering/cosipbft/blocksync/default.go:230 > received synchronization message addr=127.0.0.1:2002 index=0
2021-12-07T14:15:41+01:00 DBG Users/viaene/go/pkg/mod/go.dedis.ch/dela@v0.0.0-20211018150429-1fdbe35cd189/core/ordering/cosipbft/blocksync/default.go:230 > received synchronization message addr=127.0.0.1:2002 index=0
2021-12-07T14:15:51+01:00 DBG Users/viaene/go/pkg/mod/go.dedis.ch/dela@v0.0.0-20211018150429-1fdbe35cd189/core/ordering/cosipbft/blocksync/default.go:230 > received synchronization message addr=127.0.0.1:2002 index=0
2021-12-07T14:16:01+01:00 DBG Users/viaene/go/pkg/mod/go.dedis.ch/dela@v0.0.0-20211018150429-1fdbe35cd189/core/ordering/cosipbft/blocksync/default.go:230 > received synchronization message addr=127.0.0.1:2002 index=0
2021-12-07T14:16:11+01:00 DBG Users/viaene/go/pkg/mod/go.dedis.ch/dela@v0.0.0-20211018150429-1fdbe35cd189/core/ordering/cosipbft/blocksync/default.go:230 > received synchronization message addr=127.0.0.1:2002 index=0
2021-12-07T14:16:21+01:00 DBG Users/viaene/go/pkg/mod/go.dedis.ch/dela@v0.0.0-20211018150429-1fdbe35cd189/core/ordering/cosipbft/blocksync/default.go:230 > received synchronization message addr=127.0.0.1:2002 index=0
2021-12-07T14:16:31+01:00 DBG Users/viaene/go/pkg/mod/go.dedis.ch/dela@v0.0.0-20211018150429-1fdbe35cd189/core/ordering/cosipbft/blocksync/default.go:230 > received synchronization message addr=127.0.0.1:2002 index=0
2021-12-07T14:16:38+01:00 INF Users/viaene/go/pkg/mod/go.dedis.ch/dela@v0.0.0-20211018150429-1fdbe35cd189/core/ordering/cosipbft/mod.go:387 > block event addr=127.0.0.1:2002 index=1 root=a4b7f0ae
2021-12-07T14:16:38+01:00 DBG Users/viaene/go/pkg/mod/go.dedis.ch/dela@v0.0.0-20211018150429-1fdbe35cd189/core/ordering/cosipbft/blocksync/default.go:230 > received synchronization message addr=127.0.0.1:2002 index=1
2021-12-07T14:16:38+01:00 INF Users/viaene/go/pkg/mod/go.dedis.ch/dela@v0.0.0-20211018150429-1fdbe35cd189/core/ordering/cosipbft/mod.go:387 > block event addr=127.0.0.1:2002 index=2 root=5b3cd1f8
2021-12-07T14:16:38+01:00 DBG Users/viaene/go/pkg/mod/go.dedis.ch/dela@v0.0.0-20211018150429-1fdbe35cd189/core/ordering/cosipbft/blocksync/default.go:230 > received synchronization message addr=127.0.0.1:2002 index=2
2021-12-07T14:16:38+01:00 WRN Users/viaene/go/pkg/mod/go.dedis.ch/dela@v0.0.0-20211018150429-1fdbe35cd189/core/ordering/cosipbft/pbft/mod.go:586 > transaction not accepted addr=127.0.0.1:2002 reason="failed to close election: at least two ballots are required"
2021-12-07T14:16:38+01:00 INF Users/viaene/go/pkg/mod/go.dedis.ch/dela@v0.0.0-20211018150429-1fdbe35cd189/core/ordering/cosipbft/mod.go:387 > block event addr=127.0.0.1:2002 index=3 root=7d982cc9
2021-12-07T14:16:38+01:00 DBG Users/viaene/go/pkg/mod/go.dedis.ch/dela@v0.0.0-20211018150429-1fdbe35cd189/core/ordering/cosipbft/blocksync/default.go:230 > received synchronization message addr=127.0.0.1:2002 index=3
2021-12-07T14:16:38+01:00 INF Users/viaene/go/pkg/mod/go.dedis.ch/dela@v0.0.0-20211018150429-1fdbe35cd189/core/ordering/cosipbft/mod.go:387 > block event addr=127.0.0.1:2002 index=4 root=8cb1eeaf
2021-12-07T14:16:38+01:00 DBG Users/viaene/go/pkg/mod/go.dedis.ch/dela@v0.0.0-20211018150429-1fdbe35cd189/core/ordering/cosipbft/blocksync/default.go:230 > received synchronization message addr=127.0.0.1:2002 index=4
2021-12-07T14:16:38+01:00 INF Users/viaene/go/pkg/mod/go.dedis.ch/dela@v0.0.0-20211018150429-1fdbe35cd189/core/ordering/cosipbft/mod.go:387 > block event addr=127.0.0.1:2002 index=5 root=94b569a9
2021-12-07T14:16:38+01:00 DBG Users/viaene/go/pkg/mod/go.dedis.ch/dela@v0.0.0-20211018150429-1fdbe35cd189/core/ordering/cosipbft/blocksync/default.go:230 > received synchronization message addr=127.0.0.1:2002 index=5
2021-12-07T14:16:39+01:00 INF Users/viaene/go/pkg/mod/go.dedis.ch/dela@v0.0.0-20211018150429-1fdbe35cd189/core/ordering/cosipbft/mod.go:387 > block event addr=127.0.0.1:2002 index=6 root=50378ac0
2021-12-07T14:16:39+01:00 DBG Users/viaene/go/pkg/mod/go.dedis.ch/dela@v0.0.0-20211018150429-1fdbe35cd189/core/ordering/cosipbft/blocksync/default.go:230 > received synchronization message addr=127.0.0.1:2002 index=6
2021-12-07T14:16:39+01:00 INF Users/viaene/go/pkg/mod/go.dedis.ch/dela@v0.0.0-20211018150429-1fdbe35cd189/core/ordering/cosipbft/mod.go:387 > block event addr=127.0.0.1:2002 index=7 root=1223022d
2021-12-07T14:16:39+01:00 INF services/shuffle/neff/handler.go:71 > message received from: Orchestrator:127.0.0.1:2001
2021-12-07T14:16:39+01:00 INF services/shuffle/neff/handler.go:87 > Starting the neff shuffle protocol ...
encrypted ballots: {[user1 user2 user3] [{K: edd0541cc63fe1e6760455d4e9165319e04c4d7ba668368dc1ab42b8ae30f61a, C: d930a805968570dc45cf77ce08aea2f3edec4f010de04cbece700ab3de9905da} {K: 26d420808a2d3aa3ebee7f60229af83bdaf5cb6b37239b7af3a7919fc34f5ad4, C: 6493432f929c7572c0c27e91843f8c42765ae137879de6b80a90362275adb1ff} {K: 30af3784b48b02728788e4203a88a8f212ec78910263af994f7b6846dec5430f, C: 8a779f175aa9b6a5df6f084d04e11867ce08b82f972cff5c947c83614a4c3336}]}
2021-12-07T14:16:39+01:00 DBG Users/viaene/go/pkg/mod/go.dedis.ch/dela@v0.0.0-20211018150429-1fdbe35cd189/core/ordering/cosipbft/blocksync/default.go:230 > received synchronization message addr=127.0.0.1:2002 index=7
2021-12-07T14:16:39+01:00 DBG Users/viaene/go/pkg/mod/go.dedis.ch/dela@v0.0.0-20211018150429-1fdbe35cd189/core/txn/signed/mod.go:332 > manager synchronized nonce=8
2021-12-07T14:16:39+01:00 INF services/shuffle/neff/handler.go:123 > sending shuffling tx with nonce 8
2021-12-07T14:16:39+01:00 INF Users/viaene/go/pkg/mod/go.dedis.ch/dela@v0.0.0-20211018150429-1fdbe35cd189/core/ordering/cosipbft/mod.go:387 > block event addr=127.0.0.1:2002 index=8 root=5d4ae23d
2021-12-07T14:16:39+01:00 DBG Users/viaene/go/pkg/mod/go.dedis.ch/dela@v0.0.0-20211018150429-1fdbe35cd189/core/ordering/cosipbft/blocksync/default.go:230 > received synchronization message addr=127.0.0.1:2002 index=8
2021-12-07T14:16:41+01:00 INF services/shuffle/neff/handler.go:132 > shuffling contribution denied : watch timeout
2021-12-07T14:16:41+01:00 DBG Users/viaene/go/pkg/mod/go.dedis.ch/dela@v0.0.0-20211018150429-1fdbe35cd189/core/txn/signed/mod.go:332 > manager synchronized nonce=9
2021-12-07T14:16:41+01:00 INF services/shuffle/neff/handler.go:123 > sending shuffling tx with nonce 9
2021-12-07T14:16:41+01:00 INF Users/viaene/go/pkg/mod/go.dedis.ch/dela@v0.0.0-20211018150429-1fdbe35cd189/core/ordering/cosipbft/mod.go:387 > block event addr=127.0.0.1:2002 index=9 root=62ae7f22
2021-12-07T14:16:41+01:00 DBG Users/viaene/go/pkg/mod/go.dedis.ch/dela@v0.0.0-20211018150429-1fdbe35cd189/core/ordering/cosipbft/blocksync/default.go:230 > received synchronization message addr=127.0.0.1:2002 index=9
2021-12-07T14:16:43+01:00 INF services/shuffle/neff/handler.go:132 > shuffling contribution denied : watch timeout
2021-12-07T14:16:43+01:00 DBG Users/viaene/go/pkg/mod/go.dedis.ch/dela@v0.0.0-20211018150429-1fdbe35cd189/core/txn/signed/mod.go:332 > manager synchronized nonce=10
2021-12-07T14:16:43+01:00 INF services/shuffle/neff/handler.go:123 > sending shuffling tx with nonce 10
2021-12-07T14:16:43+01:00 INF services/shuffle/neff/handler.go:260 > transaction included in the block id=356695b347ec8770d6adcb62ca54073b4ee9d1131ab7cb89a543cdba212a70fd
2021-12-07T14:16:43+01:00 INF services/shuffle/neff/handler.go:127 > our shuffling contribution has been accepted, we are exitting the process
2021-12-07T14:16:43+01:00 INF Users/viaene/go/pkg/mod/go.dedis.ch/dela@v0.0.0-20211018150429-1fdbe35cd189/core/ordering/cosipbft/mod.go:387 > block event addr=127.0.0.1:2002 index=10 root=f060efbc
2021-12-07T14:16:43+01:00 DBG Users/viaene/go/pkg/mod/go.dedis.ch/dela@v0.0.0-20211018150429-1fdbe35cd189/core/ordering/cosipbft/blocksync/default.go:230 > received synchronization message addr=127.0.0.1:2002 index=10
2021-12-07T14:16:45+01:00 INF Users/viaene/go/pkg/mod/go.dedis.ch/dela@v0.0.0-20211018150429-1fdbe35cd189/core/ordering/cosipbft/mod.go:387 > block event addr=127.0.0.1:2002 index=11 root=149f1e42
2021-12-07T14:16:46+01:00 DBG Users/viaene/go/pkg/mod/go.dedis.ch/dela@v0.0.0-20211018150429-1fdbe35cd189/core/ordering/cosipbft/blocksync/default.go:230 > received synchronization message addr=127.0.0.1:2002 index=11
2021-12-07T14:16:56+01:00 DBG Users/viaene/go/pkg/mod/go.dedis.ch/dela@v0.0.0-20211018150429-1fdbe35cd189/core/ordering/cosipbft/blocksync/default.go:230 > received synchronization message addr=127.0.0.1:2002 index=11
2021-12-07T14:17:05+01:00 WRN Users/viaene/go/pkg/mod/go.dedis.ch/dela@v0.0.0-20211018150429-1fdbe35cd189/core/ordering/cosipbft/proc.go:165 > view message refused error="invalid view: mismatch leader 2 != 1" addr=127.0.0.1:2002
2021-12-07T14:17:05+01:00 DBG Users/viaene/go/pkg/mod/go.dedis.ch/dela@v0.0.0-20211018150429-1fdbe35cd189/core/ordering/cosipbft/blocksync/default.go:230 > received synchronization message addr=127.0.0.1:2002 index=11
2021-12-07T14:17:06+01:00 DBG Users/viaene/go/pkg/mod/go.dedis.ch/dela@v0.0.0-20211018150429-1fdbe35cd189/core/ordering/cosipbft/blocksync/default.go:230 > received synchronization message addr=127.0.0.1:2002 index=11
2021-12-07T14:17:06+01:00 DBG Users/viaene/go/pkg/mod/go.dedis.ch/dela@v0.0.0-20211018150429-1fdbe35cd189/core/ordering/cosipbft/proc.go:94 > process views addr=127.0.0.1:2002 num=1
2021-12-07T14:17:06+01:00 WRN Users/viaene/go/pkg/mod/go.dedis.ch/dela@v0.0.0-20211018150429-1fdbe35cd189/core/ordering/cosipbft/pbft/mod.go:586 > transaction not accepted addr=127.0.0.1:2002 reason="nonce is invalid, expected 12, got 8"
2021-12-07T14:17:06+01:00 INF Users/viaene/go/pkg/mod/go.dedis.ch/dela@v0.0.0-20211018150429-1fdbe35cd189/core/ordering/cosipbft/mod.go:387 > block event addr=127.0.0.1:2002 index=12 root=149f1e42
2021-12-07T14:17:06+01:00 DBG Users/viaene/go/pkg/mod/go.dedis.ch/dela@v0.0.0-20211018150429-1fdbe35cd189/core/ordering/cosipbft/blocksync/default.go:230 > received synchronization message addr=127.0.0.1:2002 index=12
2021-12-07T14:17:16+01:00 DBG Users/viaene/go/pkg/mod/go.dedis.ch/dela@v0.0.0-20211018150429-1fdbe35cd189/core/ordering/cosipbft/blocksync/default.go:230 > received synchronization message addr=127.0.0.1:2002 index=12
2021-12-07T14:17:26+01:00 DBG Users/viaene/go/pkg/mod/go.dedis.ch/dela@v0.0.0-20211018150429-1fdbe35cd189/core/ordering/cosipbft/blocksync/default.go:230 > received synchronization message addr=127.0.0.1:2002 index=12
2021-12-07T14:17:36+01:00 DBG Users/viaene/go/pkg/mod/go.dedis.ch/dela@v0.0.0-20211018150429-1fdbe35cd189/core/ordering/cosipbft/blocksync/default.go:230 > received synchronization message addr=127.0.0.1:2002 index=12
2021-12-07T14:17:46+01:00 DBG Users/viaene/go/pkg/mod/go.dedis.ch/dela@v0.0.0-20211018150429-1fdbe35cd189/core/ordering/cosipbft/blocksync/default.go:230 > received synchronization message addr=127.0.0.1:2002 index=12
2021-12-07T14:17:56+01:00 DBG Users/viaene/go/pkg/mod/go.dedis.ch/dela@v0.0.0-20211018150429-1fdbe35cd189/core/ordering/cosipbft/blocksync/default.go:230 > received synchronization message addr=127.0.0.1:2002 index=12
2021-12-07T14:18:06+01:00 DBG Users/viaene/go/pkg/mod/go.dedis.ch/dela@v0.0.0-20211018150429-1fdbe35cd189/core/ordering/cosipbft/blocksync/default.go:230 > received synchronization message addr=127.0.0.1:2002 index=12
2021-12-07T14:18:16+01:00 DBG Users/viaene/go/pkg/mod/go.dedis.ch/dela@v0.0.0-20211018150429-1fdbe35cd189/core/ordering/cosipbft/blocksync/default.go:230 > received synchronization message addr=127.0.0.1:2002 index=12
2021-12-07T14:18:26+01:00 DBG Users/viaene/go/pkg/mod/go.dedis.ch/dela@v0.0.0-20211018150429-1fdbe35cd189/core/ordering/cosipbft/blocksync/default.go:230 > received synchronization message addr=127.0.0.1:2002 index=12
2021-12-07T14:18:36+01:00 DBG Users/viaene/go/pkg/mod/go.dedis.ch/dela@v0.0.0-20211018150429-1fdbe35cd189/core/ordering/cosipbft/blocksync/default.go:230 > received synchronization message addr=127.0.0.1:2002 index=12
2021-12-07T14:18:46+01:00 DBG Users/viaene/go/pkg/mod/go.dedis.ch/dela@v0.0.0-20211018150429-1fdbe3